---
source: tests/integration_test.rs
expression: resolve(test_measure())

---
- 0.34285714285714288
- 0.23214285714285716
- 0.06964285714285715
- 0.06964285714285715
- 0.2857142857142857

